   Compiling hs-core v0.1.0 (/tmp/hachistep-mutations-rlguspbl/source/crates/hs-core)
    Finished `test` profile [unoptimized + debuginfo] target(s) in 1.28s
     Running tests/cpu_regressions.rs (/tmp/hachistep-mutations-rlguspbl/target/debug/deps/cpu_regressions-6d704257e4873620)

running 1 test

thread 'eepmov_word_accepts_nmi_only_between_complete_byte_transfers' (17779) panicked at crates/hs-core/tests/cpu_regressions.rs:286:5:
assertion failed: matches!(a, Action::Write { address: 0xff6e, value: 0x104, .. })
stack backtrace:
   0:     0x55951170d551 - <<std[c8ec77214af18864]::sys::backtrace::BacktraceLock>::print::DisplayBacktrace as core[bcc7bfc7da1d9e91]::fmt::Display>::fmt
   1:     0x5595117463ea - core[bcc7bfc7da1d9e91]::fmt::write
   2:     0x55951172535c - <std[c8ec77214af18864]::sys::stdio::unix::Stderr as std[c8ec77214af18864]::io::Write>::write_fmt
   3:     0x55951171a784 - std[c8ec77214af18864]::panicking::default_hook::{closure#0}
   4:     0x55951171c52a - std[c8ec77214af18864]::panicking::default_hook
   5:     0x55951171c6fb - std[c8ec77214af18864]::panicking::panic_with_hook
   6:     0x55951170af34 - std[c8ec77214af18864]::panicking::panic_handler::{closure#0}
   7:     0x55951170ae79 - std[c8ec77214af18864]::sys::backtrace::__rust_end_short_backtrace::<std[c8ec77214af18864]::panicking::panic_handler::{closure#0}, !>
   8:     0x55951171aa0d - __rustc[1a815558f65c9493]::rust_begin_unwind
   9:     0x55951174425c - core[bcc7bfc7da1d9e91]::panicking::panic_fmt
  10:     0x559511744222 - core[bcc7bfc7da1d9e91]::panicking::panic
  11:     0x559511695a97 - cpu_regressions[90e9e4e74fb7b0f1]::eepmov_word_accepts_nmi_only_between_complete_byte_transfers
                               at /tmp/hachistep-mutations-rlguspbl/source/crates/hs-core/tests/cpu_regressions.rs:286:5
  12:     0x5595116945c7 - cpu_regressions[90e9e4e74fb7b0f1]::eepmov_word_accepts_nmi_only_between_complete_byte_transfers::{closure#0}
                               at /tmp/hachistep-mutations-rlguspbl/source/crates/hs-core/tests/cpu_regressions.rs:264:66
  13:     0x55951169e8e6 - <cpu_regressions[90e9e4e74fb7b0f1]::eepmov_word_accepts_nmi_only_between_complete_byte_transfers::{closure#0} as core[bcc7bfc7da1d9e91]::ops::function::FnOnce<()>>::call_once
                               at /src/rust/library/core/src/ops/function.rs:250:5
  14:     0x55951169eafb - test[f4a5a0a053a3f081]::__rust_begin_short_backtrace::<core[bcc7bfc7da1d9e91]::result::Result<(), alloc[8e6ab77fcb2fc10e]::string::String>, fn() -> core[bcc7bfc7da1d9e91]::result::Result<(), alloc[8e6ab77fcb2fc10e]::string::String>>
  15:     0x5595116bfb12 - <test[f4a5a0a053a3f081]::types::RunnableTest>::run
  16:     0x5595116a4e91 - test[f4a5a0a053a3f081]::run_test_in_process
  17:     0x5595116d89f9 - std[c8ec77214af18864]::sys::backtrace::__rust_begin_short_backtrace::<test[f4a5a0a053a3f081]::run_test::{closure#1}, ()>
  18:     0x5595116cb5a0 - <std[c8ec77214af18864]::thread::lifecycle::spawn_unchecked<test[f4a5a0a053a3f081]::run_test::{closure#1}, ()>::{closure#1} as core[bcc7bfc7da1d9e91]::ops::function::FnOnce<()>>::call_once::{shim:vtable#0}
  19:     0x559511730594 - <std[c8ec77214af18864]::sys::thread::unix::Thread>::new::thread_start
  20:     0x7fda40a77b7b - <unknown>
  21:     0x7fda40af57f8 - <unknown>
  22:                0x0 - <unknown>
test eepmov_word_accepts_nmi_only_between_complete_byte_transfers ... FAILED

failures:

failures:
    eepmov_word_accepts_nmi_only_between_complete_byte_transfers

test result: FAILED. 0 passed; 1 failed; 0 ignored; 0 measured; 7 filtered out; finished in 0.00s

error: test failed, to rerun pass `-p hs-core --test cpu_regressions`
