   Compiling hs-core v0.1.0 (/tmp/hachistep-mutations-rlguspbl/source/crates/hs-core)
    Finished `test` profile [unoptimized + debuginfo] target(s) in 1.22s
     Running tests/cpu_regressions.rs (/tmp/hachistep-mutations-rlguspbl/target/debug/deps/cpu_regressions-6d704257e4873620)

running 1 test

thread 'predecrement_reads_updated_aliased_source_at_every_width_and_register' (17703) panicked at crates/hs-core/tests/cpu_regressions.rs:110:21:
assertion `left == right` failed: Byte field 0 ER0 old 7654fe00
  left: 254
 right: 253
stack backtrace:
   0:     0x556541c6d671 - <<std[c8ec77214af18864]::sys::backtrace::BacktraceLock>::print::DisplayBacktrace as core[bcc7bfc7da1d9e91]::fmt::Display>::fmt
   1:     0x556541ca650a - core[bcc7bfc7da1d9e91]::fmt::write
   2:     0x556541c8547c - <std[c8ec77214af18864]::sys::stdio::unix::Stderr as std[c8ec77214af18864]::io::Write>::write_fmt
   3:     0x556541c7a8a4 - std[c8ec77214af18864]::panicking::default_hook::{closure#0}
   4:     0x556541c7c64a - std[c8ec77214af18864]::panicking::default_hook
   5:     0x556541c7c81b - std[c8ec77214af18864]::panicking::panic_with_hook
   6:     0x556541c6b022 - std[c8ec77214af18864]::panicking::panic_handler::{closure#0}
   7:     0x556541c6af99 - std[c8ec77214af18864]::sys::backtrace::__rust_end_short_backtrace::<std[c8ec77214af18864]::panicking::panic_handler::{closure#0}, !>
   8:     0x556541c7ab2d - __rustc[1a815558f65c9493]::rust_begin_unwind
   9:     0x556541ca437c - core[bcc7bfc7da1d9e91]::panicking::panic_fmt
  10:     0x556541ca4293 - core[bcc7bfc7da1d9e91]::panicking::assert_failed_inner
  11:     0x556541bf3fc1 - core[bcc7bfc7da1d9e91]::panicking::assert_failed::<u8, u8>
                               at /src/rust/library/core/src/panicking.rs:394:5
  12:     0x556541bf8721 - cpu_regressions[90e9e4e74fb7b0f1]::predecrement_reads_updated_aliased_source_at_every_width_and_register
                               at /tmp/hachistep-mutations-rlguspbl/source/crates/hs-core/tests/cpu_regressions.rs:110:21
  13:     0x556541bf46c7 - cpu_regressions[90e9e4e74fb7b0f1]::predecrement_reads_updated_aliased_source_at_every_width_and_register::{closure#0}
                               at /tmp/hachistep-mutations-rlguspbl/source/crates/hs-core/tests/cpu_regressions.rs:65:75
  14:     0x556541bfea26 - <cpu_regressions[90e9e4e74fb7b0f1]::predecrement_reads_updated_aliased_source_at_every_width_and_register::{closure#0} as core[bcc7bfc7da1d9e91]::ops::function::FnOnce<()>>::call_once
                               at /src/rust/library/core/src/ops/function.rs:250:5
  15:     0x556541bfeb3b - test[f4a5a0a053a3f081]::__rust_begin_short_backtrace::<core[bcc7bfc7da1d9e91]::result::Result<(), alloc[8e6ab77fcb2fc10e]::string::String>, fn() -> core[bcc7bfc7da1d9e91]::result::Result<(), alloc[8e6ab77fcb2fc10e]::string::String>>
  16:     0x556541c1fb52 - <test[f4a5a0a053a3f081]::types::RunnableTest>::run
  17:     0x556541c04ed1 - test[f4a5a0a053a3f081]::run_test_in_process
  18:     0x556541c38a39 - std[c8ec77214af18864]::sys::backtrace::__rust_begin_short_backtrace::<test[f4a5a0a053a3f081]::run_test::{closure#1}, ()>
  19:     0x556541c2b5e0 - <std[c8ec77214af18864]::thread::lifecycle::spawn_unchecked<test[f4a5a0a053a3f081]::run_test::{closure#1}, ()>::{closure#1} as core[bcc7bfc7da1d9e91]::ops::function::FnOnce<()>>::call_once::{shim:vtable#0}
  20:     0x556541c906b4 - <std[c8ec77214af18864]::sys::thread::unix::Thread>::new::thread_start
  21:     0x7fbaeedafb7b - <unknown>
  22:     0x7fbaeee2d7f8 - <unknown>
  23:                0x0 - <unknown>
test predecrement_reads_updated_aliased_source_at_every_width_and_register ... FAILED

failures:

failures:
    predecrement_reads_updated_aliased_source_at_every_width_and_register

test result: FAILED. 0 passed; 1 failed; 0 ignored; 0 measured; 7 filtered out; finished in 0.00s

error: test failed, to rerun pass `-p hs-core --test cpu_regressions`
