   Compiling hs-core v0.1.0 (/tmp/hachistep-mutations-rlguspbl/source/crates/hs-core)
    Finished `test` profile [unoptimized + debuginfo] target(s) in 1.10s
     Running tests/register_access.rs (/tmp/hachistep-mutations-rlguspbl/target/debug/deps/register_access-06d793423ad392b4)

running 1 test

thread 'complete_documented_register_width_and_timing_map' (17628) panicked at crates/hs-core/tests/register_access.rs:17:9:
assertion `left == right` failed: RSECDR @F068 p.372
  left: 3
 right: 2
stack backtrace:
   0:     0x5564c37c34a1 - <<std[c8ec77214af18864]::sys::backtrace::BacktraceLock>::print::DisplayBacktrace as core[bcc7bfc7da1d9e91]::fmt::Display>::fmt
   1:     0x5564c37fc09a - core[bcc7bfc7da1d9e91]::fmt::write
   2:     0x5564c37db2ac - <std[c8ec77214af18864]::sys::stdio::unix::Stderr as std[c8ec77214af18864]::io::Write>::write_fmt
   3:     0x5564c37d06d4 - std[c8ec77214af18864]::panicking::default_hook::{closure#0}
   4:     0x5564c37d247a - std[c8ec77214af18864]::panicking::default_hook
   5:     0x5564c37d264b - std[c8ec77214af18864]::panicking::panic_with_hook
   6:     0x5564c37c0e52 - std[c8ec77214af18864]::panicking::panic_handler::{closure#0}
   7:     0x5564c37c0dc9 - std[c8ec77214af18864]::sys::backtrace::__rust_end_short_backtrace::<std[c8ec77214af18864]::panicking::panic_handler::{closure#0}, !>
   8:     0x5564c37d095d - __rustc[1a815558f65c9493]::rust_begin_unwind
   9:     0x5564c37fa10c - core[bcc7bfc7da1d9e91]::panicking::panic_fmt
  10:     0x5564c37fa063 - core[bcc7bfc7da1d9e91]::panicking::assert_failed_inner
  11:     0x5564c37f9d37 - core[bcc7bfc7da1d9e91]::panicking::assert_failed::<u64, u64>
  12:     0x5564c371c608 - register_access[1d07b3e6587cc31c]::complete_documented_register_width_and_timing_map
                               at /tmp/hachistep-mutations-rlguspbl/source/crates/hs-core/tests/register_access.rs:17:9
  13:     0x5564c371bd47 - register_access[1d07b3e6587cc31c]::complete_documented_register_width_and_timing_map::{closure#0}
                               at /tmp/hachistep-mutations-rlguspbl/source/crates/hs-core/tests/register_access.rs:5:55
  14:     0x5564c3721a36 - <register_access[1d07b3e6587cc31c]::complete_documented_register_width_and_timing_map::{closure#0} as core[bcc7bfc7da1d9e91]::ops::function::FnOnce<()>>::call_once
                               at /src/rust/library/core/src/ops/function.rs:250:5
  15:     0x5564c3721bab - test[f4a5a0a053a3f081]::__rust_begin_short_backtrace::<core[bcc7bfc7da1d9e91]::result::Result<(), alloc[8e6ab77fcb2fc10e]::string::String>, fn() -> core[bcc7bfc7da1d9e91]::result::Result<(), alloc[8e6ab77fcb2fc10e]::string::String>>
  16:     0x5564c3742bc2 - <test[f4a5a0a053a3f081]::types::RunnableTest>::run
  17:     0x5564c3727f41 - test[f4a5a0a053a3f081]::run_test_in_process
  18:     0x5564c375baa9 - std[c8ec77214af18864]::sys::backtrace::__rust_begin_short_backtrace::<test[f4a5a0a053a3f081]::run_test::{closure#1}, ()>
  19:     0x5564c374e650 - <std[c8ec77214af18864]::thread::lifecycle::spawn_unchecked<test[f4a5a0a053a3f081]::run_test::{closure#1}, ()>::{closure#1} as core[bcc7bfc7da1d9e91]::ops::function::FnOnce<()>>::call_once::{shim:vtable#0}
  20:     0x5564c37e64e4 - <std[c8ec77214af18864]::sys::thread::unix::Thread>::new::thread_start
  21:     0x7ffaaefc0b7b - <unknown>
  22:     0x7ffaaf03e7f8 - <unknown>
  23:                0x0 - <unknown>
test complete_documented_register_width_and_timing_map ... FAILED

failures:

failures:
    complete_documented_register_width_and_timing_map

test result: FAILED. 0 passed; 1 failed; 0 ignored; 0 measured; 1 filtered out; finished in 0.00s

error: test failed, to rerun pass `-p hs-core --test register_access`
