+ /mnt/data/toolchain/bin/cargo test -p hs-core --release --test retail --locked --offline -- --ignored --nocapture
    Finished `release` profile [optimized] target(s) in 0.00s
     Running tests/retail.rs (target/release/deps/retail-28957c0e4cf3437a)

running 1 test
test retail_boot_and_button_replay_are_partition_invariant ... ok

test result: ok. 1 passed; 0 failed; 0 ignored; 0 measured; 0 filtered out; finished in 1.58s

+ /mnt/data/toolchain/bin/cargo build -p hs-cli --release --locked --offline
    Finished `release` profile [optimized] target(s) in 0.00s
+ /mnt/data/hachistep-v02-clean/hachistep-starter/target/release/hachistep run --firmware /mnt/data/hachistep-v02-clean/hachistep-starter/local-inputs/pokewalker.bin --eeprom /mnt/data/hachistep-v02-clean/hachistep-starter/local-inputs/eeprom.bin --milliseconds 10000 --out /mnt/data/hachistep-v02-clean/hachistep-starter/out/extracted-retail/home
firmware_bytes=49152 eeprom_bytes=65536 reset_pc=02c4
firmware_sha256=f9e210a3b74afbbd12c5a66a51cc05cb9fbac986805ff0a3bfb4be6074d15607
eeprom_sha256=9b9d7ac29b3d27de8fed1aca392c91ec559a53c2c22f2a9c860c980895539008
time=10.000000s wall_seconds=1.384476 pc=259c instruction_pc=259a phase=sleep retired=6205679 interrupts=237 sleeping=true display_on=true display_start=64
events=81018 lcd=81018 nv_commits=0 buzzer=0 infrared=0 serial=(124699, 43265) statistics=Statistics { bus_reads: 7369343, bus_writes: 278745, resets: 0, peripheral_boundaries: 2128683 }
er=[6a2cf7b5, 00190800, 00000000, 00000000, 00000000, 00000000, 0000f7be, 0000ff78] ccr=08
+ /mnt/data/hachistep-v02-clean/hachistep-starter/target/release/hachistep run --firmware /mnt/data/hachistep-v02-clean/hachistep-starter/local-inputs/pokewalker.bin --eeprom /mnt/data/hachistep-v02-clean/hachistep-starter/local-inputs/eeprom.bin --milliseconds 6500 --out /mnt/data/hachistep-v02-clean/hachistep-starter/out/extracted-retail/menu --input /mnt/data/hachistep-v02-clean/hachistep-starter/conformance/scenarios/menu.csv --trace /mnt/data/hachistep-v02-clean/hachistep-starter/out/extracted-retail/menu-events.txt --trace-limit 2000000
firmware_bytes=49152 eeprom_bytes=65536 reset_pc=02c4
firmware_sha256=f9e210a3b74afbbd12c5a66a51cc05cb9fbac986805ff0a3bfb4be6074d15607
eeprom_sha256=9b9d7ac29b3d27de8fed1aca392c91ec559a53c2c22f2a9c860c980895539008
time=6.500000s wall_seconds=0.882990 pc=259c instruction_pc=259a phase=sleep retired=5426069 interrupts=464 sleeping=true display_on=true display_start=64
events=43812 lcd=43124 nv_commits=0 buzzer=688 infrared=0 serial=(63065, 19723) statistics=Statistics { bus_reads: 6129260, bus_writes: 205515, resets: 0, peripheral_boundaries: 1081353 }
er=[8e37f7b5, 00190800, 00000000, 00000000, 00000000, 00000000, 0000f7be, 0000ff78] ccr=08
Retail software-regression passed; source images unchanged. Results: /mnt/data/hachistep-v02-clean/hachistep-starter/out/extracted-retail
