+ /mnt/data/toolchain/bin/rustfmt --check --edition 2021 crates/hs-cli/src/digest.rs crates/hs-cli/src/main.rs crates/hs-cli/src/output.rs crates/hs-cli/src/timeline.rs crates/hs-cli/tests/safety.rs crates/hs-core/examples/replay.rs crates/hs-core/src/cpu/alu.rs crates/hs-core/src/cpu/decode.rs crates/hs-core/src/cpu/mod.rs crates/hs-core/src/devices/bma150.rs crates/hs-core/src/devices/m95512.rs crates/hs-core/src/devices/mod.rs crates/hs-core/src/devices/nt7508.rs crates/hs-core/src/error.rs crates/hs-core/src/lib.rs crates/hs-core/src/machine.rs crates/hs-core/src/mcu/adc.rs crates/hs-core/src/mcu/aec.rs crates/hs-core/src/mcu/clocks.rs crates/hs-core/src/mcu/comparators.rs crates/hs-core/src/mcu/control.rs crates/hs-core/src/mcu/gpio.rs crates/hs-core/src/mcu/mod.rs crates/hs-core/src/mcu/rtc.rs crates/hs-core/src/mcu/sci.rs crates/hs-core/src/mcu/ssu.rs crates/hs-core/src/mcu/timer_b1.rs crates/hs-core/src/mcu/timer_w.rs crates/hs-core/src/mcu/watchdog.rs crates/hs-core/src/signals.rs crates/hs-core/src/time.rs crates/hs-core/tests/aec.rs crates/hs-core/tests/allocation.rs crates/hs-core/tests/clock_obligations.rs crates/hs-core/tests/comparators.rs crates/hs-core/tests/cpu_regressions.rs crates/hs-core/tests/kernel.rs crates/hs-core/tests/nmi.rs crates/hs-core/tests/register_access.rs crates/hs-core/tests/retail.rs crates/hs-core/tests/timer_w_modes.rs

+ /mnt/data/toolchain/bin/cargo test --workspace --locked --offline
   Compiling hs-core v0.2.0 (/mnt/data/hachistep-v02-clean/hachistep-starter/crates/hs-core)
   Compiling hs-cli v0.2.0 (/mnt/data/hachistep-v02-clean/hachistep-starter/crates/hs-cli)
    Finished `test` profile [unoptimized + debuginfo] target(s) in 3.50s
     Running unittests src/main.rs (target/debug/deps/hachistep-fd26467fb6ef313b)

running 2 tests
test timeline::tests::valid_and_invalid_timelines ... ok
test digest::tests::known_vectors ... ok

test result: ok. 2 passed; 0 failed; 0 ignored; 0 measured; 0 filtered out; finished in 0.07s

     Running tests/safety.rs (target/debug/deps/safety-6b2a5c31a0bdcea8)

running 3 tests
test malformed_inputs_fail_without_creating_output_directories ... ok
test output_and_trace_never_replace_existing_input_files ... ok
test independent_output_contains_replay_metadata_and_nonvolatile_images ... ok

test result: ok. 3 passed; 0 failed; 0 ignored; 0 measured; 0 filtered out; finished in 0.04s

     Running unittests src/lib.rs (target/debug/deps/hs_core-47f41463d9ad458a)

running 31 tests
test cpu::alu::tests::chained_zero_and_preserved_carry ... ok
test cpu::decode::tests::known_forms_and_extension_boundaries ... ok
test cpu::tests::aliases_preserve_unwritten_bits ... ok
test cpu::tests::exception_writes_pc_before_ccr ... ok
test cpu::tests::executes_reset_prologue_without_special_addresses ... ok
test devices::bma150::tests::physical_force_and_paired_shadow ... ok
test devices::bma150::tests::protected_window_and_identity ... ok
test devices::m95512::tests::partial_command_and_missing_write_enable_do_not_program ... ok
test devices::m95512::tests::programming_waits_and_wraps_inside_a_page ... ok
test devices::m95512::tests::sequential_read_and_status_stream ... ok
test devices::nt7508::tests::parameter_survives_chip_select ... ok
test mcu::adc::tests::changing_input_after_aperture_does_not_change_held_sample ... ok
test mcu::clocks::tests::clock_change_preserves_edge_ordinal ... ok
test mcu::clocks::tests::divided_clocks_share_their_source_phase ... ok
test devices::nt7508::tests::complete_bitplanes_and_nonvisible_ram_survive_reset ... ok
test mcu::gpio::tests::button_pins_and_mux_are_not_firmware_flags ... ok
test mcu::gpio::tests::chip_selects_have_independent_lifetimes ... ok
test mcu::rtc::tests::busy_and_rollover_are_separate ... ok
test mcu::rtc::tests::partition_does_not_change_calendar ... ok
test mcu::sci::tests::transmitter_produces_timed_pulses_and_keeps_holding_distinct ... ok
test mcu::ssu::tests::holding_shift_and_receive_are_distinct ... ok
test mcu::timer_b1::tests::interval_load_also_sets_counter ... ok
test mcu::timer_b1::tests::reload_ff_overflows_each_input_edge ... ok
test mcu::timer_w::tests::compare_occurs_on_leaving_the_matching_count ... ok
test mcu::watchdog::tests::watchdog_write_requires_two_qualified_accesses ... ok
test time::tests::endpoints_are_exclusive ... ok
test time::inversion_tests::inversion_matches_enumerated_edges_after_fractional_advances ... ok
test time::tests::rejects_bad_time_and_checks_overflow ... ok
test cpu::decode::tests::all_first_words_classify_without_panicking ... ok
test cpu::alu::tests::exhaustive_byte_add_sub ... ok
test time::tests::exact_one_second_and_partitioning ... ok

test result: ok. 31 passed; 0 failed; 0 ignored; 0 measured; 0 filtered out; finished in 0.05s

     Running tests/aec.rs (target/debug/deps/aec-635f0649407493cb)

running 17 tests
test controller_request_is_separate_from_counter_status ... ok
test gate_return_can_create_an_additional_count_as_in_figure_13_5 ... ok
test asynchronous_selected_edges_work_without_system_clock ... ok
test disabling_count_retains_value_and_reset_control_clears_it ... ok
test illegal_modes_rejected_without_mutating_configuration ... ok
test inactive_module_does_not_replay_elapsed_clocks_when_reenabled ... ok
test independent_eight_bit_sources_and_qualification ... ok
test pwm_gating_retains_phase_and_shared_divider ... ok
test pwm_low_high_period_and_invalid_duty_are_distinct ... ok
test guest_gate_input_alone_vectors_18 ... ok
test reset_readonly_and_undefined_register_contracts ... ok
test sixteen_bit_counter_cascades_and_only_high_overflow_sets_status ... ok
test stopped_counters_do_not_disable_independent_gate_interrupt ... ok
test pwm_output_pin_route_and_digital_collision_validation ... ok
test watch_pwm_and_external_inputs_have_different_power_domains ... ok
test pwm_and_counter_evolution_is_partition_invariant ... ok
test guest_external_count_overflow_vectors_32_and_replays ... ok

test result: ok. 17 passed; 0 failed; 0 ignored; 0 measured; 0 filtered out; finished in 0.02s

     Running tests/allocation.rs (target/debug/deps/allocation-58316a26cc2ed351)

running 1 test
test ordinary_run_has_no_heap_allocation ... ok

test result: ok. 1 passed; 0 failed; 0 ignored; 0 measured; 0 filtered out; finished in 0.01s

     Running tests/clock_obligations.rs (target/debug/deps/clock_obligations-604d3caa5422db65)

running 7 tests
test adc_sample_and_result_obligations_survive_a_rate_change ... ok
test adc_gate_keeps_both_sample_and_finish_progress ... ok
test clock_wait_boundary_and_error_cases ... ok
test an_outstanding_obligation_follows_the_new_clock_not_the_old_timestamp ... ok
test paused_obligations_rejoin_the_divider_instead_of_replaying_wall_time ... ok
test ssu_partial_shifter_and_holding_register_survive_gating_and_clock_switch ... ok
test every_pull_register_accepts_writes_and_affects_only_input_configured_pins ... ok

test result: ok. 7 passed; 0 failed; 0 ignored; 0 measured; 0 filtered out; finished in 0.00s

     Running tests/comparators.rs (target/debug/deps/comparators-501f51d160018b57)

running 10 tests
test hysteresis_keeps_history_in_the_deadband ... ok
test independent_channels_external_reference_and_interrupt_vector ... ok
test interrupts_are_read_armed_not_unconditionally_edge_triggered ... ok
test module_stop_is_distinct_from_standby_and_reset ... ok
test same_time_read_masks_new_interrupt_but_keeps_older_flag ... ok
test analog_input_collisions_are_checked_before_machine_mutation ... ok
test threshold_ladder_covers_all_sixteen_selections ... ok
test inspection_after_explicit_power_on_does_not_project_before_reset ... ok
test vcref_is_p30_not_the_p32_transmit_pin ... ok
test guest_program_wakes_on_real_comparator_vector_and_replays_exactly ... ok

test result: ok. 10 passed; 0 failed; 0 ignored; 0 measured; 0 filtered out; finished in 0.00s

     Running tests/cpu_regressions.rs (target/debug/deps/cpu_regressions-f43865771b93d843)

running 8 tests
test eepmov_issued_read_is_stable_when_interrupt_offer_changes ... ok
test eepmov_word_accepts_nmi_only_between_complete_byte_transfers ... ok
test eepmov_byte_defers_even_nmi_and_word_defers_maskable_requests ... ok
test displacement24_encodings_reject_the_fixed_selector_bit_and_wrong_size_prefix ... ok
test ldc_still_defers_an_interrupt_for_the_following_instruction ... ok
test long_predecrement_exposes_completed_prefix_not_an_atomic_store ... ok
test rte_does_not_inherit_the_ldc_one_instruction_interrupt_delay ... ok
test predecrement_reads_updated_aliased_source_at_every_width_and_register ... ok

test result: ok. 8 passed; 0 failed; 0 ignored; 0 measured; 0 filtered out; finished in 0.00s

     Running tests/kernel.rs (target/debug/deps/kernel-65d57ffcdd43e620)

running 10 tests
test horizon_and_input_timestamps_are_exclusive ... ok
test all_nonvolatile_domains_can_be_reloaded_without_a_snapshot ... ok
test instruction_fetches_from_ram_follow_the_same_executor ... ok
test invalid_timeline_is_rejected_before_mutation ... ok
test power_cycle_and_mcu_reset_are_distinct ... ok
test peeking_does_not_change_causal_state ... ok
test reset_pin_aborts_cpu_work_but_keeps_existing_ram ... ok
test unimplemented_access_latches_a_fault_without_erasing_prior_store ... ok
test guest_serial_page_write_reaches_the_real_device_owner_and_commits_later ... ok
test run_partition_and_snapshot_replay_preserve_all_state_and_events ... ok

test result: ok. 10 passed; 0 failed; 0 ignored; 0 measured; 0 filtered out; finished in 0.02s

     Running tests/nmi.rs (target/debug/deps/nmi-f2e9239fdc44c7d3)

running 5 tests
test dedicated_edge_latch_is_independent_of_ien_and_irr ... ok
test reset_strap_low_is_not_silently_executed_as_user_firmware ... ok
test low_nmi_power_on_rejection_preserves_powered_off_state ... ok
test masked_sleep_wakes_and_a_held_nmi_is_not_repeated ... ok
test nmi_wake_respects_standby_stabilization_and_partitioning ... ok

test result: ok. 5 passed; 0 failed; 0 ignored; 0 measured; 0 filtered out; finished in 0.00s

     Running tests/register_access.rs (target/debug/deps/register_access-e45415450fb9d150)

running 2 tests
test complete_documented_register_width_and_timing_map ... ok
test actual_guest_accesses_commit_at_the_documented_exclusive_boundary ... ok

test result: ok. 2 passed; 0 failed; 0 ignored; 0 measured; 0 filtered out; finished in 0.00s

     Running tests/retail.rs (target/debug/deps/retail-b3aa34dac1ec7bde)

running 1 test
test retail_boot_and_button_replay_are_partition_invariant ... ignored, requires HS_FIRMWARE and HS_EEPROM; run tools/verify_retail.py

test result: ok. 0 passed; 0 failed; 1 ignored; 0 measured; 0 filtered out; finished in 0.00s

     Running tests/timer_w_modes.rs (target/debug/deps/timer_w_modes-b881bf6a64262af8)

running 13 tests
test buffer_register_can_still_produce_its_own_compare_output ... ok
test buffered_compare_uses_old_value_then_loads_buffer ... ok
test capture_buffers_old_value_and_does_not_create_compare_flags ... ok
test capture_write_collisions_keep_flags_and_cpu_data ... ok
test counter_clear_beats_write_but_plain_increment_does_not ... ok
test cpu_writes_win_buffer_collisions_but_transfer_samples_old_buffer ... ok
test expired_capture_visibility_does_not_survive_a_clock_epoch_change ... ok
test external_clock_passes_through_synchronizer_and_same_counter_rules ... ok
test simultaneous_pwm_period_and_duty_matches_retain_current_output ... ok
test stopped_counter_still_captures_and_asserts_interrupt ... ok
test timer_w_watch_clock_runs_in_subsleep_but_not_watch_or_stabilization ... ok
test guest_gpio_edge_captures_stopped_timer_and_vectors_through_35 ... ok
test buffer_and_capture_advancement_is_partition_invariant ... ok

test result: ok. 13 passed; 0 failed; 0 ignored; 0 measured; 0 filtered out; finished in 0.01s

   Doc-tests hs_core

running 1 test
test crates/hs-core/src/lib.rs - (line 7) ... ok

test result: ok. 1 passed; 0 failed; 0 ignored; 0 measured; 0 filtered out; finished in 0.09s

+ /mnt/data/toolchain/bin/cargo test --workspace --release --locked --offline
   Compiling hs-core v0.2.0 (/mnt/data/hachistep-v02-clean/hachistep-starter/crates/hs-core)
   Compiling hs-cli v0.2.0 (/mnt/data/hachistep-v02-clean/hachistep-starter/crates/hs-cli)
    Finished `release` profile [optimized] target(s) in 55.06s
     Running unittests src/main.rs (target/release/deps/hachistep-75084815e6020162)

running 2 tests
test timeline::tests::valid_and_invalid_timelines ... ok
test digest::tests::known_vectors ... ok

test result: ok. 2 passed; 0 failed; 0 ignored; 0 measured; 0 filtered out; finished in 0.00s

     Running tests/safety.rs (target/release/deps/safety-ed6ae2b2b28e2a44)

running 3 tests
test malformed_inputs_fail_without_creating_output_directories ... ok
test independent_output_contains_replay_metadata_and_nonvolatile_images ... ok
test output_and_trace_never_replace_existing_input_files ... ok

test result: ok. 3 passed; 0 failed; 0 ignored; 0 measured; 0 filtered out; finished in 0.01s

     Running unittests src/lib.rs (target/release/deps/hs_core-18c5b9099872dc57)

running 31 tests
test cpu::alu::tests::chained_zero_and_preserved_carry ... ok
test cpu::decode::tests::known_forms_and_extension_boundaries ... ok
test cpu::alu::tests::exhaustive_byte_add_sub ... ok
test cpu::tests::aliases_preserve_unwritten_bits ... ok
test cpu::tests::exception_writes_pc_before_ccr ... ok
test cpu::tests::executes_reset_prologue_without_special_addresses ... ok
test devices::bma150::tests::physical_force_and_paired_shadow ... ok
test devices::bma150::tests::protected_window_and_identity ... ok
test devices::m95512::tests::partial_command_and_missing_write_enable_do_not_program ... ok
test devices::m95512::tests::programming_waits_and_wraps_inside_a_page ... ok
test cpu::decode::tests::all_first_words_classify_without_panicking ... ok
test devices::m95512::tests::sequential_read_and_status_stream ... ok
test devices::nt7508::tests::complete_bitplanes_and_nonvisible_ram_survive_reset ... ok
test devices::nt7508::tests::parameter_survives_chip_select ... ok
test mcu::adc::tests::changing_input_after_aperture_does_not_change_held_sample ... ok
test mcu::clocks::tests::clock_change_preserves_edge_ordinal ... ok
test mcu::clocks::tests::divided_clocks_share_their_source_phase ... ok
test mcu::gpio::tests::button_pins_and_mux_are_not_firmware_flags ... ok
test mcu::gpio::tests::chip_selects_have_independent_lifetimes ... ok
test mcu::rtc::tests::busy_and_rollover_are_separate ... ok
test mcu::rtc::tests::partition_does_not_change_calendar ... ok
test mcu::sci::tests::transmitter_produces_timed_pulses_and_keeps_holding_distinct ... ok
test mcu::ssu::tests::holding_shift_and_receive_are_distinct ... ok
test mcu::timer_b1::tests::interval_load_also_sets_counter ... ok
test mcu::timer_b1::tests::reload_ff_overflows_each_input_edge ... ok
test mcu::timer_w::tests::compare_occurs_on_leaving_the_matching_count ... ok
test mcu::watchdog::tests::watchdog_write_requires_two_qualified_accesses ... ok
test time::tests::endpoints_are_exclusive ... ok
test time::tests::rejects_bad_time_and_checks_overflow ... ok
test time::inversion_tests::inversion_matches_enumerated_edges_after_fractional_advances ... ok
test time::tests::exact_one_second_and_partitioning ... ok

test result: ok. 31 passed; 0 failed; 0 ignored; 0 measured; 0 filtered out; finished in 0.01s

     Running tests/aec.rs (target/release/deps/aec-1ad0125b6762a931)

running 17 tests
test disabling_count_retains_value_and_reset_control_clears_it ... ok
test asynchronous_selected_edges_work_without_system_clock ... ok
test gate_return_can_create_an_additional_count_as_in_figure_13_5 ... ok
test controller_request_is_separate_from_counter_status ... ok
test illegal_modes_rejected_without_mutating_configuration ... ok
test inactive_module_does_not_replay_elapsed_clocks_when_reenabled ... ok
test independent_eight_bit_sources_and_qualification ... ok
test guest_gate_input_alone_vectors_18 ... ok
test pwm_gating_retains_phase_and_shared_divider ... ok
test pwm_low_high_period_and_invalid_duty_are_distinct ... ok
test reset_readonly_and_undefined_register_contracts ... ok
test pwm_output_pin_route_and_digital_collision_validation ... ok
test sixteen_bit_counter_cascades_and_only_high_overflow_sets_status ... ok
test stopped_counters_do_not_disable_independent_gate_interrupt ... ok
test watch_pwm_and_external_inputs_have_different_power_domains ... ok
test guest_external_count_overflow_vectors_32_and_replays ... ok
test pwm_and_counter_evolution_is_partition_invariant ... ok

test result: ok. 17 passed; 0 failed; 0 ignored; 0 measured; 0 filtered out; finished in 0.00s

     Running tests/allocation.rs (target/release/deps/allocation-7c858f1fe2f550b2)

running 1 test
test ordinary_run_has_no_heap_allocation ... ok

test result: ok. 1 passed; 0 failed; 0 ignored; 0 measured; 0 filtered out; finished in 0.00s

     Running tests/clock_obligations.rs (target/release/deps/clock_obligations-1ef9c6078de9e724)

running 7 tests
test adc_gate_keeps_both_sample_and_finish_progress ... ok
test adc_sample_and_result_obligations_survive_a_rate_change ... ok
test an_outstanding_obligation_follows_the_new_clock_not_the_old_timestamp ... ok
test clock_wait_boundary_and_error_cases ... ok
test every_pull_register_accepts_writes_and_affects_only_input_configured_pins ... ok
test paused_obligations_rejoin_the_divider_instead_of_replaying_wall_time ... ok
test ssu_partial_shifter_and_holding_register_survive_gating_and_clock_switch ... ok

test result: ok. 7 passed; 0 failed; 0 ignored; 0 measured; 0 filtered out; finished in 0.00s

     Running tests/comparators.rs (target/release/deps/comparators-ed48a6041fd26b93)

running 10 tests
test independent_channels_external_reference_and_interrupt_vector ... ok
test analog_input_collisions_are_checked_before_machine_mutation ... ok
test hysteresis_keeps_history_in_the_deadband ... ok
test interrupts_are_read_armed_not_unconditionally_edge_triggered ... ok
test module_stop_is_distinct_from_standby_and_reset ... ok
test same_time_read_masks_new_interrupt_but_keeps_older_flag ... ok
test guest_program_wakes_on_real_comparator_vector_and_replays_exactly ... ok
test threshold_ladder_covers_all_sixteen_selections ... ok
test vcref_is_p30_not_the_p32_transmit_pin ... ok
test inspection_after_explicit_power_on_does_not_project_before_reset ... ok

test result: ok. 10 passed; 0 failed; 0 ignored; 0 measured; 0 filtered out; finished in 0.00s

     Running tests/cpu_regressions.rs (target/release/deps/cpu_regressions-cb579b4c846a756f)

running 8 tests
test eepmov_byte_defers_even_nmi_and_word_defers_maskable_requests ... ok
test displacement24_encodings_reject_the_fixed_selector_bit_and_wrong_size_prefix ... ok
test eepmov_word_accepts_nmi_only_between_complete_byte_transfers ... ok
test eepmov_issued_read_is_stable_when_interrupt_offer_changes ... ok
test ldc_still_defers_an_interrupt_for_the_following_instruction ... ok
test long_predecrement_exposes_completed_prefix_not_an_atomic_store ... ok
test rte_does_not_inherit_the_ldc_one_instruction_interrupt_delay ... ok
test predecrement_reads_updated_aliased_source_at_every_width_and_register ... ok

test result: ok. 8 passed; 0 failed; 0 ignored; 0 measured; 0 filtered out; finished in 0.00s

     Running tests/kernel.rs (target/release/deps/kernel-c191c9e32c548b13)

running 10 tests
test all_nonvolatile_domains_can_be_reloaded_without_a_snapshot ... ok
test instruction_fetches_from_ram_follow_the_same_executor ... ok
test horizon_and_input_timestamps_are_exclusive ... ok
test power_cycle_and_mcu_reset_are_distinct ... ok
test invalid_timeline_is_rejected_before_mutation ... ok
test peeking_does_not_change_causal_state ... ok
test reset_pin_aborts_cpu_work_but_keeps_existing_ram ... ok
test unimplemented_access_latches_a_fault_without_erasing_prior_store ... ok
test guest_serial_page_write_reaches_the_real_device_owner_and_commits_later ... ok
test run_partition_and_snapshot_replay_preserve_all_state_and_events ... ok

test result: ok. 10 passed; 0 failed; 0 ignored; 0 measured; 0 filtered out; finished in 0.00s

     Running tests/nmi.rs (target/release/deps/nmi-64286ea6430d852a)

running 5 tests
test dedicated_edge_latch_is_independent_of_ien_and_irr ... ok
test masked_sleep_wakes_and_a_held_nmi_is_not_repeated ... ok
test low_nmi_power_on_rejection_preserves_powered_off_state ... ok
test reset_strap_low_is_not_silently_executed_as_user_firmware ... ok
test nmi_wake_respects_standby_stabilization_and_partitioning ... ok

test result: ok. 5 passed; 0 failed; 0 ignored; 0 measured; 0 filtered out; finished in 0.00s

     Running tests/register_access.rs (target/release/deps/register_access-b2a1f13cecf282f3)

running 2 tests
test complete_documented_register_width_and_timing_map ... ok
test actual_guest_accesses_commit_at_the_documented_exclusive_boundary ... ok

test result: ok. 2 passed; 0 failed; 0 ignored; 0 measured; 0 filtered out; finished in 0.00s

     Running tests/retail.rs (target/release/deps/retail-28957c0e4cf3437a)

running 1 test
test retail_boot_and_button_replay_are_partition_invariant ... ignored, requires HS_FIRMWARE and HS_EEPROM; run tools/verify_retail.py

test result: ok. 0 passed; 0 failed; 1 ignored; 0 measured; 0 filtered out; finished in 0.00s

     Running tests/timer_w_modes.rs (target/release/deps/timer_w_modes-a6e25c29517fa116)

running 13 tests
test buffer_register_can_still_produce_its_own_compare_output ... ok
test buffered_compare_uses_old_value_then_loads_buffer ... ok
test capture_buffers_old_value_and_does_not_create_compare_flags ... ok
test capture_write_collisions_keep_flags_and_cpu_data ... ok
test counter_clear_beats_write_but_plain_increment_does_not ... ok
test cpu_writes_win_buffer_collisions_but_transfer_samples_old_buffer ... ok
test expired_capture_visibility_does_not_survive_a_clock_epoch_change ... ok
test external_clock_passes_through_synchronizer_and_same_counter_rules ... ok
test buffer_and_capture_advancement_is_partition_invariant ... ok
test simultaneous_pwm_period_and_duty_matches_retain_current_output ... ok
test stopped_counter_still_captures_and_asserts_interrupt ... ok
test timer_w_watch_clock_runs_in_subsleep_but_not_watch_or_stabilization ... ok
test guest_gpio_edge_captures_stopped_timer_and_vectors_through_35 ... ok

test result: ok. 13 passed; 0 failed; 0 ignored; 0 measured; 0 filtered out; finished in 0.00s

   Doc-tests hs_core

running 1 test
test crates/hs-core/src/lib.rs - (line 7) ... ok

test result: ok. 1 passed; 0 failed; 0 ignored; 0 measured; 0 filtered out; finished in 0.54s

+ /mnt/data/toolchain/bin/cargo test --workspace --all-features --locked --offline
   Compiling hs-core v0.2.0 (/mnt/data/hachistep-v02-clean/hachistep-starter/crates/hs-core)
   Compiling hs-cli v0.2.0 (/mnt/data/hachistep-v02-clean/hachistep-starter/crates/hs-cli)
    Finished `test` profile [unoptimized + debuginfo] target(s) in 3.65s
     Running unittests src/main.rs (target/debug/deps/hachistep-6a4470fd81c70c51)

running 2 tests
test timeline::tests::valid_and_invalid_timelines ... ok
test digest::tests::known_vectors ... ok

test result: ok. 2 passed; 0 failed; 0 ignored; 0 measured; 0 filtered out; finished in 0.07s

     Running tests/safety.rs (target/debug/deps/safety-3a1bd31bfb8372c7)

running 3 tests
test independent_output_contains_replay_metadata_and_nonvolatile_images ... ok
test malformed_inputs_fail_without_creating_output_directories ... ok
test output_and_trace_never_replace_existing_input_files ... ok

test result: ok. 3 passed; 0 failed; 0 ignored; 0 measured; 0 filtered out; finished in 0.06s

     Running unittests src/lib.rs (target/debug/deps/hs_core-69bef563b31918c8)

running 31 tests
test cpu::alu::tests::chained_zero_and_preserved_carry ... ok
test cpu::decode::tests::known_forms_and_extension_boundaries ... ok
test cpu::tests::aliases_preserve_unwritten_bits ... ok
test cpu::tests::exception_writes_pc_before_ccr ... ok
test devices::bma150::tests::physical_force_and_paired_shadow ... ok
test cpu::tests::executes_reset_prologue_without_special_addresses ... ok
test devices::bma150::tests::protected_window_and_identity ... ok
test devices::m95512::tests::partial_command_and_missing_write_enable_do_not_program ... ok
test devices::m95512::tests::programming_waits_and_wraps_inside_a_page ... ok
test devices::m95512::tests::sequential_read_and_status_stream ... ok
test devices::nt7508::tests::parameter_survives_chip_select ... ok
test devices::nt7508::tests::complete_bitplanes_and_nonvisible_ram_survive_reset ... ok
test mcu::adc::tests::changing_input_after_aperture_does_not_change_held_sample ... ok
test mcu::clocks::tests::clock_change_preserves_edge_ordinal ... ok
test mcu::clocks::tests::divided_clocks_share_their_source_phase ... ok
test mcu::gpio::tests::button_pins_and_mux_are_not_firmware_flags ... ok
test mcu::gpio::tests::chip_selects_have_independent_lifetimes ... ok
test mcu::rtc::tests::busy_and_rollover_are_separate ... ok
test mcu::rtc::tests::partition_does_not_change_calendar ... ok
test mcu::sci::tests::transmitter_produces_timed_pulses_and_keeps_holding_distinct ... ok
test mcu::ssu::tests::holding_shift_and_receive_are_distinct ... ok
test mcu::timer_b1::tests::interval_load_also_sets_counter ... ok
test mcu::timer_b1::tests::reload_ff_overflows_each_input_edge ... ok
test mcu::timer_w::tests::compare_occurs_on_leaving_the_matching_count ... ok
test mcu::watchdog::tests::watchdog_write_requires_two_qualified_accesses ... ok
test time::tests::endpoints_are_exclusive ... ok
test time::inversion_tests::inversion_matches_enumerated_edges_after_fractional_advances ... ok
test time::tests::rejects_bad_time_and_checks_overflow ... ok
test cpu::decode::tests::all_first_words_classify_without_panicking ... ok
test cpu::alu::tests::exhaustive_byte_add_sub ... ok
test time::tests::exact_one_second_and_partitioning ... ok

test result: ok. 31 passed; 0 failed; 0 ignored; 0 measured; 0 filtered out; finished in 0.06s

     Running tests/aec.rs (target/debug/deps/aec-6000a0e62e63f039)

running 17 tests
test disabling_count_retains_value_and_reset_control_clears_it ... ok
test gate_return_can_create_an_additional_count_as_in_figure_13_5 ... ok
test controller_request_is_separate_from_counter_status ... ok
test asynchronous_selected_edges_work_without_system_clock ... ok
test illegal_modes_rejected_without_mutating_configuration ... ok
test inactive_module_does_not_replay_elapsed_clocks_when_reenabled ... ok
test independent_eight_bit_sources_and_qualification ... ok
test pwm_gating_retains_phase_and_shared_divider ... ok
test pwm_low_high_period_and_invalid_duty_are_distinct ... ok
test guest_gate_input_alone_vectors_18 ... ok
test reset_readonly_and_undefined_register_contracts ... ok
test pwm_output_pin_route_and_digital_collision_validation ... ok
test sixteen_bit_counter_cascades_and_only_high_overflow_sets_status ... ok
test stopped_counters_do_not_disable_independent_gate_interrupt ... ok
test watch_pwm_and_external_inputs_have_different_power_domains ... ok
test pwm_and_counter_evolution_is_partition_invariant ... ok
test guest_external_count_overflow_vectors_32_and_replays ... ok

test result: ok. 17 passed; 0 failed; 0 ignored; 0 measured; 0 filtered out; finished in 0.02s

     Running tests/allocation.rs (target/debug/deps/allocation-fd91602f6304b8f5)

running 1 test
test ordinary_run_has_no_heap_allocation ... ok

test result: ok. 1 passed; 0 failed; 0 ignored; 0 measured; 0 filtered out; finished in 0.01s

     Running tests/clock_obligations.rs (target/debug/deps/clock_obligations-7c978b981940e3aa)

running 7 tests
test adc_gate_keeps_both_sample_and_finish_progress ... ok
test an_outstanding_obligation_follows_the_new_clock_not_the_old_timestamp ... ok
test clock_wait_boundary_and_error_cases ... ok
test adc_sample_and_result_obligations_survive_a_rate_change ... ok
test paused_obligations_rejoin_the_divider_instead_of_replaying_wall_time ... ok
test ssu_partial_shifter_and_holding_register_survive_gating_and_clock_switch ... ok
test every_pull_register_accepts_writes_and_affects_only_input_configured_pins ... ok

test result: ok. 7 passed; 0 failed; 0 ignored; 0 measured; 0 filtered out; finished in 0.00s

     Running tests/comparators.rs (target/debug/deps/comparators-816194256be1d400)

running 10 tests
test hysteresis_keeps_history_in_the_deadband ... ok
test independent_channels_external_reference_and_interrupt_vector ... ok
test analog_input_collisions_are_checked_before_machine_mutation ... ok
test interrupts_are_read_armed_not_unconditionally_edge_triggered ... ok
test module_stop_is_distinct_from_standby_and_reset ... ok
test same_time_read_masks_new_interrupt_but_keeps_older_flag ... ok
test threshold_ladder_covers_all_sixteen_selections ... ok
test vcref_is_p30_not_the_p32_transmit_pin ... ok
test inspection_after_explicit_power_on_does_not_project_before_reset ... ok
test guest_program_wakes_on_real_comparator_vector_and_replays_exactly ... ok

test result: ok. 10 passed; 0 failed; 0 ignored; 0 measured; 0 filtered out; finished in 0.00s

     Running tests/cpu_regressions.rs (target/debug/deps/cpu_regressions-b20553dd3b36f531)

running 8 tests
test eepmov_issued_read_is_stable_when_interrupt_offer_changes ... ok
test displacement24_encodings_reject_the_fixed_selector_bit_and_wrong_size_prefix ... ok
test eepmov_byte_defers_even_nmi_and_word_defers_maskable_requests ... ok
test eepmov_word_accepts_nmi_only_between_complete_byte_transfers ... ok
test long_predecrement_exposes_completed_prefix_not_an_atomic_store ... ok
test rte_does_not_inherit_the_ldc_one_instruction_interrupt_delay ... ok
test ldc_still_defers_an_interrupt_for_the_following_instruction ... ok
test predecrement_reads_updated_aliased_source_at_every_width_and_register ... ok

test result: ok. 8 passed; 0 failed; 0 ignored; 0 measured; 0 filtered out; finished in 0.00s

     Running tests/kernel.rs (target/debug/deps/kernel-b919b95aedfacdb0)

running 10 tests
test all_nonvolatile_domains_can_be_reloaded_without_a_snapshot ... ok
test horizon_and_input_timestamps_are_exclusive ... ok
test instruction_fetches_from_ram_follow_the_same_executor ... ok
test invalid_timeline_is_rejected_before_mutation ... ok
test power_cycle_and_mcu_reset_are_distinct ... ok
test reset_pin_aborts_cpu_work_but_keeps_existing_ram ... ok
test peeking_does_not_change_causal_state ... ok
test unimplemented_access_latches_a_fault_without_erasing_prior_store ... ok
test guest_serial_page_write_reaches_the_real_device_owner_and_commits_later ... ok
test run_partition_and_snapshot_replay_preserve_all_state_and_events ... ok

test result: ok. 10 passed; 0 failed; 0 ignored; 0 measured; 0 filtered out; finished in 0.02s

     Running tests/nmi.rs (target/debug/deps/nmi-6931e36018fed363)

running 5 tests
test dedicated_edge_latch_is_independent_of_ien_and_irr ... ok
test reset_strap_low_is_not_silently_executed_as_user_firmware ... ok
test masked_sleep_wakes_and_a_held_nmi_is_not_repeated ... ok
test low_nmi_power_on_rejection_preserves_powered_off_state ... ok
test nmi_wake_respects_standby_stabilization_and_partitioning ... ok

test result: ok. 5 passed; 0 failed; 0 ignored; 0 measured; 0 filtered out; finished in 0.00s

     Running tests/register_access.rs (target/debug/deps/register_access-fd59ae8607d6588b)

running 2 tests
test complete_documented_register_width_and_timing_map ... ok
test actual_guest_accesses_commit_at_the_documented_exclusive_boundary ... ok

test result: ok. 2 passed; 0 failed; 0 ignored; 0 measured; 0 filtered out; finished in 0.00s

     Running tests/retail.rs (target/debug/deps/retail-e81d700fd283d3c0)

running 1 test
test retail_boot_and_button_replay_are_partition_invariant ... ignored, requires HS_FIRMWARE and HS_EEPROM; run tools/verify_retail.py

test result: ok. 0 passed; 0 failed; 1 ignored; 0 measured; 0 filtered out; finished in 0.00s

     Running tests/timer_w_modes.rs (target/debug/deps/timer_w_modes-05e1597b71e36637)

running 13 tests
test buffer_register_can_still_produce_its_own_compare_output ... ok
test buffered_compare_uses_old_value_then_loads_buffer ... ok
test capture_buffers_old_value_and_does_not_create_compare_flags ... ok
test capture_write_collisions_keep_flags_and_cpu_data ... ok
test counter_clear_beats_write_but_plain_increment_does_not ... ok
test cpu_writes_win_buffer_collisions_but_transfer_samples_old_buffer ... ok
test external_clock_passes_through_synchronizer_and_same_counter_rules ... ok
test expired_capture_visibility_does_not_survive_a_clock_epoch_change ... ok
test simultaneous_pwm_period_and_duty_matches_retain_current_output ... ok
test stopped_counter_still_captures_and_asserts_interrupt ... ok
test timer_w_watch_clock_runs_in_subsleep_but_not_watch_or_stabilization ... ok
test guest_gpio_edge_captures_stopped_timer_and_vectors_through_35 ... ok
test buffer_and_capture_advancement_is_partition_invariant ... ok

test result: ok. 13 passed; 0 failed; 0 ignored; 0 measured; 0 filtered out; finished in 0.01s

   Doc-tests hs_core

running 1 test
test crates/hs-core/src/lib.rs - (line 7) ... ok

test result: ok. 1 passed; 0 failed; 0 ignored; 0 measured; 0 filtered out; finished in 0.08s

+ /mnt/data/toolchain/bin/cargo clippy --workspace --all-targets --all-features --locked --offline -- -D warnings
    Checking hs-core v0.2.0 (/mnt/data/hachistep-v02-clean/hachistep-starter/crates/hs-core)
    Checking hs-cli v0.2.0 (/mnt/data/hachistep-v02-clean/hachistep-starter/crates/hs-cli)
    Finished `dev` profile [unoptimized + debuginfo] target(s) in 1.90s
+ /mnt/data/toolchain/bin/cargo build --workspace --release --locked --offline
    Finished `release` profile [optimized] target(s) in 0.04s
+ /opt/pyvenv/bin/python3 -m unittest discover -s tools/tests -v
test_equal_endpoints_do_not_hide_a_different_history (test_comparison.Comparison.test_equal_endpoints_do_not_hide_a_different_history) ... ok
test_reports_and_exported_bytes_both_matter (test_comparison.Comparison.test_reports_and_exported_bytes_both_matter) ... ok
test_truncated_histories_cannot_pass (test_comparison.Comparison.test_truncated_histories_cannot_pass) ... ok
test_all_firmware_timeline_and_eeprom_inputs_are_hashed (test_conformance.Conformance.test_all_firmware_timeline_and_eeprom_inputs_are_hashed) ... ok
test_fixture_paths_cannot_escape_the_selected_corpus (test_conformance.Conformance.test_fixture_paths_cannot_escape_the_selected_corpus) ... ok
test_new_interrupt_expectations_are_actually_compared (test_conformance.Conformance.test_new_interrupt_expectations_are_actually_compared) ... ok
test_rejects_misspelled_and_out_of_range_expectations (test_conformance.Conformance.test_rejects_misspelled_and_out_of_range_expectations) ... ok
test_unknown_or_unmeasured_expectations_cannot_be_labeled_hardware (test_conformance.Conformance.test_unknown_or_unmeasured_expectations_cannot_be_labeled_hardware) ... ok
test_changed_scenario_and_duration_cannot_use_the_same_expectation (test_retail_expectations.RetailExpectations.test_changed_scenario_and_duration_cannot_use_the_same_expectation) ... ok
test_current_baseline_is_complete_and_not_hardware_evidence (test_retail_expectations.RetailExpectations.test_current_baseline_is_complete_and_not_hardware_evidence) ... ok
test_frame_and_timing_changes_are_not_hidden_by_successful_execution (test_retail_expectations.RetailExpectations.test_frame_and_timing_changes_are_not_hidden_by_successful_execution) ... ok
test_missing_semantic_fields_rejected (test_retail_expectations.RetailExpectations.test_missing_semantic_fields_rejected) ... ok
test_audio_integrates_transitions_instead_of_aliasing_edge_samples (test_tools.HostTools.test_audio_integrates_transitions_instead_of_aliasing_edge_samples) ... ok
test_audio_refuses_truncation (test_tools.HostTools.test_audio_refuses_truncation) ... ok
test_bad_input_leaves_no_destination (test_tools.HostTools.test_bad_input_leaves_no_destination) ... ok
test_import_only_expected_member_and_never_overwrites (test_tools.HostTools.test_import_only_expected_member_and_never_overwrites) ... ok
test_pgm_preserves_whitespace_valued_pixels (test_tools.HostTools.test_pgm_preserves_whitespace_valued_pixels) ... ok

----------------------------------------------------------------------
Ran 17 tests in 1.363s

OK
+ /opt/pyvenv/bin/python3 conformance/build.py /mnt/data/hachistep-v02-clean/hachistep-starter/out/extracted-check/fixtures
Built 15 independent diagnostic images in /mnt/data/hachistep-v02-clean/hachistep-starter/out/extracted-check/fixtures
+ /opt/pyvenv/bin/python3 conformance/run.py --runner /mnt/data/hachistep-v02-clean/hachistep-starter/target/release/hachistep --fixtures /mnt/data/hachistep-v02-clean/hachistep-starter/out/extracted-check/fixtures --report /mnt/data/hachistep-v02-clean/hachistep-starter/out/extracted-check/conformance.json
PASS register-aliases
PASS add-byte-flags
PASS call-return-stack
PASS execute-from-ram
PASS serial-eeprom-page-wrap
PASS infrared-transmit
PASS infrared-receive
PASS predecrement-alias-byte
PASS predecrement-alias-word
PASS predecrement-alias-long
PASS timer-w-gpio-capture
PASS comparator-read-armed-wake
PASS aec-external-overflow
PASS aec-gate-interrupt
PASS nmi-masked-sleep
Checks passed. Reports: /mnt/data/hachistep-v02-clean/hachistep-starter/out/extracted-check
