   Compiling hs-core v0.2.0 (/tmp/hachistep-mutations-g01ae2hw/source/crates/hs-core)
    Finished `test` profile [unoptimized + debuginfo] target(s) in 1.24s
     Running tests/cpu_regressions.rs (/tmp/hachistep-mutations-g01ae2hw/target/debug/deps/cpu_regressions-fd95c793973a2c0a)

running 1 test

thread 'eepmov_word_accepts_nmi_only_between_complete_byte_transfers' (25224) panicked at crates/hs-core/tests/cpu_regressions.rs:286:5:
assertion failed: matches!(a, Action::Write { address: 0xff6e, value: 0x104, .. })
stack backtrace:
   0:     0x563898b7d551 - <<std[c8ec77214af18864]::sys::backtrace::BacktraceLock>::print::DisplayBacktrace as core[bcc7bfc7da1d9e91]::fmt::Display>::fmt
   1:     0x563898bb63ea - core[bcc7bfc7da1d9e91]::fmt::write
   2:     0x563898b9535c - <std[c8ec77214af18864]::sys::stdio::unix::Stderr as std[c8ec77214af18864]::io::Write>::write_fmt
   3:     0x563898b8a784 - std[c8ec77214af18864]::panicking::default_hook::{closure#0}
   4:     0x563898b8c52a - std[c8ec77214af18864]::panicking::default_hook
   5:     0x563898b8c6fb - std[c8ec77214af18864]::panicking::panic_with_hook
   6:     0x563898b7af34 - std[c8ec77214af18864]::panicking::panic_handler::{closure#0}
   7:     0x563898b7ae79 - std[c8ec77214af18864]::sys::backtrace::__rust_end_short_backtrace::<std[c8ec77214af18864]::panicking::panic_handler::{closure#0}, !>
   8:     0x563898b8aa0d - __rustc[1a815558f65c9493]::rust_begin_unwind
   9:     0x563898bb425c - core[bcc7bfc7da1d9e91]::panicking::panic_fmt
  10:     0x563898bb4222 - core[bcc7bfc7da1d9e91]::panicking::panic
  11:     0x563898b05a97 - cpu_regressions[928b11125cd191ce]::eepmov_word_accepts_nmi_only_between_complete_byte_transfers
                               at /tmp/hachistep-mutations-g01ae2hw/source/crates/hs-core/tests/cpu_regressions.rs:286:5
  12:     0x563898b045c7 - cpu_regressions[928b11125cd191ce]::eepmov_word_accepts_nmi_only_between_complete_byte_transfers::{closure#0}
                               at /tmp/hachistep-mutations-g01ae2hw/source/crates/hs-core/tests/cpu_regressions.rs:264:66
  13:     0x563898b0e8e6 - <cpu_regressions[928b11125cd191ce]::eepmov_word_accepts_nmi_only_between_complete_byte_transfers::{closure#0} as core[bcc7bfc7da1d9e91]::ops::function::FnOnce<()>>::call_once
                               at /src/rust/library/core/src/ops/function.rs:250:5
  14:     0x563898b0eafb - test[f4a5a0a053a3f081]::__rust_begin_short_backtrace::<core[bcc7bfc7da1d9e91]::result::Result<(), alloc[8e6ab77fcb2fc10e]::string::String>, fn() -> core[bcc7bfc7da1d9e91]::result::Result<(), alloc[8e6ab77fcb2fc10e]::string::String>>
  15:     0x563898b2fb12 - <test[f4a5a0a053a3f081]::types::RunnableTest>::run
  16:     0x563898b14e91 - test[f4a5a0a053a3f081]::run_test_in_process
  17:     0x563898b489f9 - std[c8ec77214af18864]::sys::backtrace::__rust_begin_short_backtrace::<test[f4a5a0a053a3f081]::run_test::{closure#1}, ()>
  18:     0x563898b3b5a0 - <std[c8ec77214af18864]::thread::lifecycle::spawn_unchecked<test[f4a5a0a053a3f081]::run_test::{closure#1}, ()>::{closure#1} as core[bcc7bfc7da1d9e91]::ops::function::FnOnce<()>>::call_once::{shim:vtable#0}
  19:     0x563898ba0594 - <std[c8ec77214af18864]::sys::thread::unix::Thread>::new::thread_start
  20:     0x7f8885569b7b - <unknown>
  21:     0x7f88855e77f8 - <unknown>
  22:                0x0 - <unknown>
test eepmov_word_accepts_nmi_only_between_complete_byte_transfers ... FAILED

failures:

failures:
    eepmov_word_accepts_nmi_only_between_complete_byte_transfers

test result: FAILED. 0 passed; 1 failed; 0 ignored; 0 measured; 7 filtered out; finished in 0.00s

error: test failed, to rerun pass `-p hs-core --test cpu_regressions`
