   Compiling hs-core v0.2.0 (/tmp/hachistep-mutations-g01ae2hw/source/crates/hs-core)
    Finished `test` profile [unoptimized + debuginfo] target(s) in 1.17s
     Running tests/cpu_regressions.rs (/tmp/hachistep-mutations-g01ae2hw/target/debug/deps/cpu_regressions-fd95c793973a2c0a)

running 1 test

thread 'predecrement_reads_updated_aliased_source_at_every_width_and_register' (25148) panicked at crates/hs-core/tests/cpu_regressions.rs:110:21:
assertion `left == right` failed: Byte field 0 ER0 old 7654fe00
  left: 254
 right: 253
stack backtrace:
   0:     0x559a75975671 - <<std[c8ec77214af18864]::sys::backtrace::BacktraceLock>::print::DisplayBacktrace as core[bcc7bfc7da1d9e91]::fmt::Display>::fmt
   1:     0x559a759ae50a - core[bcc7bfc7da1d9e91]::fmt::write
   2:     0x559a7598d47c - <std[c8ec77214af18864]::sys::stdio::unix::Stderr as std[c8ec77214af18864]::io::Write>::write_fmt
   3:     0x559a759828a4 - std[c8ec77214af18864]::panicking::default_hook::{closure#0}
   4:     0x559a7598464a - std[c8ec77214af18864]::panicking::default_hook
   5:     0x559a7598481b - std[c8ec77214af18864]::panicking::panic_with_hook
   6:     0x559a75973022 - std[c8ec77214af18864]::panicking::panic_handler::{closure#0}
   7:     0x559a75972f99 - std[c8ec77214af18864]::sys::backtrace::__rust_end_short_backtrace::<std[c8ec77214af18864]::panicking::panic_handler::{closure#0}, !>
   8:     0x559a75982b2d - __rustc[1a815558f65c9493]::rust_begin_unwind
   9:     0x559a759ac37c - core[bcc7bfc7da1d9e91]::panicking::panic_fmt
  10:     0x559a759ac293 - core[bcc7bfc7da1d9e91]::panicking::assert_failed_inner
  11:     0x559a758fbfc1 - core[bcc7bfc7da1d9e91]::panicking::assert_failed::<u8, u8>
                               at /src/rust/library/core/src/panicking.rs:394:5
  12:     0x559a75900721 - cpu_regressions[928b11125cd191ce]::predecrement_reads_updated_aliased_source_at_every_width_and_register
                               at /tmp/hachistep-mutations-g01ae2hw/source/crates/hs-core/tests/cpu_regressions.rs:110:21
  13:     0x559a758fc6c7 - cpu_regressions[928b11125cd191ce]::predecrement_reads_updated_aliased_source_at_every_width_and_register::{closure#0}
                               at /tmp/hachistep-mutations-g01ae2hw/source/crates/hs-core/tests/cpu_regressions.rs:65:75
  14:     0x559a75906a26 - <cpu_regressions[928b11125cd191ce]::predecrement_reads_updated_aliased_source_at_every_width_and_register::{closure#0} as core[bcc7bfc7da1d9e91]::ops::function::FnOnce<()>>::call_once
                               at /src/rust/library/core/src/ops/function.rs:250:5
  15:     0x559a75906b3b - test[f4a5a0a053a3f081]::__rust_begin_short_backtrace::<core[bcc7bfc7da1d9e91]::result::Result<(), alloc[8e6ab77fcb2fc10e]::string::String>, fn() -> core[bcc7bfc7da1d9e91]::result::Result<(), alloc[8e6ab77fcb2fc10e]::string::String>>
  16:     0x559a75927b52 - <test[f4a5a0a053a3f081]::types::RunnableTest>::run
  17:     0x559a7590ced1 - test[f4a5a0a053a3f081]::run_test_in_process
  18:     0x559a75940a39 - std[c8ec77214af18864]::sys::backtrace::__rust_begin_short_backtrace::<test[f4a5a0a053a3f081]::run_test::{closure#1}, ()>
  19:     0x559a759335e0 - <std[c8ec77214af18864]::thread::lifecycle::spawn_unchecked<test[f4a5a0a053a3f081]::run_test::{closure#1}, ()>::{closure#1} as core[bcc7bfc7da1d9e91]::ops::function::FnOnce<()>>::call_once::{shim:vtable#0}
  20:     0x559a759986b4 - <std[c8ec77214af18864]::sys::thread::unix::Thread>::new::thread_start
  21:     0x7f0db3fa3b7b - <unknown>
  22:     0x7f0db40217f8 - <unknown>
  23:                0x0 - <unknown>
test predecrement_reads_updated_aliased_source_at_every_width_and_register ... FAILED

failures:

failures:
    predecrement_reads_updated_aliased_source_at_every_width_and_register

test result: FAILED. 0 passed; 1 failed; 0 ignored; 0 measured; 7 filtered out; finished in 0.00s

error: test failed, to rerun pass `-p hs-core --test cpu_regressions`
